exports[`test renders correctly 1`] = `
<div
  style={
    Object {
      "backgroundColor": "lightgray",
      "borderRadius": 10,
      "height": 200,
      "marginLeft": 50,
      "marginRight": 50,
    }
  }>
  <div
    style={
      Object {
        "marginTop": 10,
      }
    }>
    <h3
      style={
        Object {
          "marginLeft": 20,
          "marginTop": 10,
        }
      }>
      Add a New Product to Inventory
    </h3>
    <div
      style={
        Object {
          "display": "flex",
          "flexDirection": "row",
          "marginTop": 30,
        }
      }>
      <label
        htmlFor="name"
        style={
          Object {
            "marginLeft": 30,
          }
        }>
        Name:
      </label>
      <input
        onChange={[Function]}
        placeholder="Name of Product"
        required={true}
        style={
          Object {
            "borderRadius": 3,
            "height": 25,
            "marginLeft": 10,
            "marginTop": 3,
          }
        }
        type="text" />
      <label
        htmlFor="description"
        style={
          Object {
            "marginLeft": 20,
          }
        }>
        Description:
      </label>
      <textarea
        cols="30"
        onChange={[Function]}
        placeholder="Enter Description of Product separated by comma(,)"
        required={true}
        rows="3"
        style={
          Object {
            "borderRadius": 5,
            "marginLeft": 10,
          }
        } />
      <label
        htmlFor="price"
        style={
          Object {
            "marginLeft": 20,
          }
        }>
        Price:
      </label>
      <input
        onChange={[Function]}
        placeholder="Price of Product"
        required={true}
        style={
          Object {
            "borderRadius": 3,
            "height": 25,
            "marginLeft": 10,
            "marginTop": 3,
          }
        }
        type="text" />
      <label
        htmlFor="myfile"
        style={
          Object {
            "marginLeft": 20,
            "width": 100,
          }
        }>
        Select a file:
      </label>
      <input
        id="myfile"
        name="myfile"
        onChange={[Function]}
        required={true}
        style={
          Object {
            "marginLeft": 10,
          }
        }
        type="file" />
    </div>
    <button
      className="btn btn-primary"
      disabled={false}
      onClick={[Function]}
      style={
        Object {
          "marginLeft": 650,
          "marginTop": 10,
        }
      }
      type="button">
      Submit
    </button>
  </div>
  
  <div
    style={
      Object {
        "marginTop": 80,
        "textAlign": "center",
      }
    }>
    <div
      style={
        Object {
          "display": "flex",
          "flexDirection": "row",
        }
      }>
      <h4
        style={
          Object {
            "textAlign": "left",
          }
        }>
        Inventory Products
      </h4>
    </div>
    <table
      className="table table-striped table-bordered table-hover"
      style={
        Object {
          "marginTop": 20,
        }
      }>
      <thead>
        <tr>
          <th>
            Product ID
          </th>
          <th>
            Product Image
          </th>
          <th>
            Product Name
          </th>
          <th>
            Product Price
          </th>
          <th>
            Delete
          </th>
        </tr>
      </thead>
      <tbody>
        <tr>
          <td>
            <div
              onClick={[Function]}>
              1
            </div>
          </td>
          <td>
            <img
              alt="image"
              height="100"
              src="image1.jpg"
              weight="100" />
          </td>
          <td>
            Highlander White Slim Fit Casual Shirt
          </td>
          <td>
            800
          </td>
          <td>
            <button
              className="btn btn-danger"
              disabled={false}
              onClick={[Function]}
              type="button">
              <svg
                className={undefined}
                fill="currentColor"
                height="1em"
                stroke="currentColor"
                strokeWidth="0"
                style={
                  Object {
                    "color": undefined,
                  }
                }
                viewBox="0 0 24 24"
                width="1em"
                xmlns="http://www.w3.org/2000/svg">
                <g>
                  <path
                    d="M0 0h24v24H0z"
                    fill="none" />
                  <path
                    d="M7 4V2h10v2h5v2h-2v15a1 1 0 0 1-1 1H5a1 1 0 0 1-1-1V6H2V4h5zM6 6v14h12V6H6zm3 3h2v8H9V9zm4 0h2v8h-2V9z" />
                </g>
              </svg>
            </button>
          </td>
        </tr>
        <tr>
          <td>
            <div
              onClick={[Function]}>
              2
            </div>
          </td>
          <td>
            <img
              alt="image"
              height="100"
              src="image2.jpg"
              weight="100" />
          </td>
          <td>
            Men Red & Black Regular Fit Checked Casual Shirt
          </td>
          <td>
            1000
          </td>
          <td>
            <button
              className="btn btn-danger"
              disabled={false}
              onClick={[Function]}
              type="button">
              <svg
                className={undefined}
                fill="currentColor"
                height="1em"
                stroke="currentColor"
                strokeWidth="0"
                style={
                  Object {
                    "color": undefined,
                  }
                }
                viewBox="0 0 24 24"
                width="1em"
                xmlns="http://www.w3.org/2000/svg">
                <g>
                  <path
                    d="M0 0h24v24H0z"
                    fill="none" />
                  <path
                    d="M7 4V2h10v2h5v2h-2v15a1 1 0 0 1-1 1H5a1 1 0 0 1-1-1V6H2V4h5zM6 6v14h12V6H6zm3 3h2v8H9V9zm4 0h2v8h-2V9z" />
                </g>
              </svg>
            </button>
          </td>
        </tr>
        <tr>
          <td>
            <div
              onClick={[Function]}>
              3
            </div>
          </td>
          <td>
            <img
              alt="image"
              height="100"
              src="image3.jpeg"
              weight="100" />
          </td>
          <td>
            Men Black Slim Fit Solid Casual Shirt
          </td>
          <td>
            900
          </td>
          <td>
            <button
              className="btn btn-danger"
              disabled={false}
              onClick={[Function]}
              type="button">
              <svg
                className={undefined}
                fill="currentColor"
                height="1em"
                stroke="currentColor"
                strokeWidth="0"
                style={
                  Object {
                    "color": undefined,
                  }
                }
                viewBox="0 0 24 24"
                width="1em"
                xmlns="http://www.w3.org/2000/svg">
                <g>
                  <path
                    d="M0 0h24v24H0z"
                    fill="none" />
                  <path
                    d="M7 4V2h10v2h5v2h-2v15a1 1 0 0 1-1 1H5a1 1 0 0 1-1-1V6H2V4h5zM6 6v14h12V6H6zm3 3h2v8H9V9zm4 0h2v8h-2V9z" />
                </g>
              </svg>
            </button>
          </td>
        </tr>
        <tr>
          <td>
            <div
              onClick={[Function]}>
              4
            </div>
          </td>
          <td>
            <img
              alt="image"
              height="100"
              src="image4.jpg"
              weight="100" />
          </td>
          <td>
            Men Yellow Printed Round Neck T-Shirt
          </td>
          <td>
            750
          </td>
          <td>
            <button
              className="btn btn-danger"
              disabled={false}
              onClick={[Function]}
              type="button">
              <svg
                className={undefined}
                fill="currentColor"
                height="1em"
                stroke="currentColor"
                strokeWidth="0"
                style={
                  Object {
                    "color": undefined,
                  }
                }
                viewBox="0 0 24 24"
                width="1em"
                xmlns="http://www.w3.org/2000/svg">
                <g>
                  <path
                    d="M0 0h24v24H0z"
                    fill="none" />
                  <path
                    d="M7 4V2h10v2h5v2h-2v15a1 1 0 0 1-1 1H5a1 1 0 0 1-1-1V6H2V4h5zM6 6v14h12V6H6zm3 3h2v8H9V9zm4 0h2v8h-2V9z" />
                </g>
              </svg>
            </button>
          </td>
        </tr>
        <tr>
          <td>
            <div
              onClick={[Function]}>
              5
            </div>
          </td>
          <td>
            <img
              alt="image"
              height="100"
              src="image5.jpg"
              weight="100" />
          </td>
          <td>
            Men Navy Blue Tapered Fit Mid-Rise Clean Look Stretchable Jeans
          </td>
          <td>
            1300
          </td>
          <td>
            <button
              className="btn btn-danger"
              disabled={false}
              onClick={[Function]}
              type="button">
              <svg
                className={undefined}
                fill="currentColor"
                height="1em"
                stroke="currentColor"
                strokeWidth="0"
                style={
                  Object {
                    "color": undefined,
                  }
                }
                viewBox="0 0 24 24"
                width="1em"
                xmlns="http://www.w3.org/2000/svg">
                <g>
                  <path
                    d="M0 0h24v24H0z"
                    fill="none" />
                  <path
                    d="M7 4V2h10v2h5v2h-2v15a1 1 0 0 1-1 1H5a1 1 0 0 1-1-1V6H2V4h5zM6 6v14h12V6H6zm3 3h2v8H9V9zm4 0h2v8h-2V9z" />
                </g>
              </svg>
            </button>
          </td>
        </tr>
      </tbody>
    </table>
  </div>
</div>
`;
