exports[`test renders correctly 1`] = `
<div
  style={
    Object {
      "marginTop": 80,
      "textAlign": "center",
    }
  }>
  <div
    style={
      Object {
        "display": "flex",
        "flexDirection": "row",
      }
    }>
    <h4
      style={
        Object {
          "textAlign": "left",
        }
      }>
      Inventory Products
    </h4>
  </div>
  <table
    className="table table-striped table-bordered table-hover"
    style={
      Object {
        "marginTop": 20,
      }
    }>
    <thead>
      <tr>
        <th>
          Product ID
        </th>
        <th>
          Product Image
        </th>
        <th>
          Product Name
        </th>
        <th>
          Product Price
        </th>
        <th>
          Delete
        </th>
      </tr>
    </thead>
    <tbody>
      <tr>
        <td>
          <div
            onClick={[Function]}>
            1
          </div>
        </td>
        <td>
          <img
            alt="image"
            height="100"
            src="image1.jpg"
            weight="100" />
        </td>
        <td>
          Highlander White Slim Fit Casual Shirt
        </td>
        <td>
          800
        </td>
        <td>
          <button
            className="btn btn-danger"
            disabled={false}
            onClick={[Function]}
            type="button">
            <svg
              className={undefined}
              fill="currentColor"
              height="1em"
              stroke="currentColor"
              strokeWidth="0"
              style={
                Object {
                  "color": undefined,
                }
              }
              viewBox="0 0 24 24"
              width="1em"
              xmlns="http://www.w3.org/2000/svg">
              <g>
                <path
                  d="M0 0h24v24H0z"
                  fill="none" />
                <path
                  d="M7 4V2h10v2h5v2h-2v15a1 1 0 0 1-1 1H5a1 1 0 0 1-1-1V6H2V4h5zM6 6v14h12V6H6zm3 3h2v8H9V9zm4 0h2v8h-2V9z" />
              </g>
            </svg>
          </button>
        </td>
      </tr>
      <tr>
        <td>
          <div
            onClick={[Function]}>
            2
          </div>
        </td>
        <td>
          <img
            alt="image"
            height="100"
            src="image2.jpg"
            weight="100" />
        </td>
        <td>
          Men Red & Black Regular Fit Checked Casual Shirt
        </td>
        <td>
          1000
        </td>
        <td>
          <button
            className="btn btn-danger"
            disabled={false}
            onClick={[Function]}
            type="button">
            <svg
              className={undefined}
              fill="currentColor"
              height="1em"
              stroke="currentColor"
              strokeWidth="0"
              style={
                Object {
                  "color": undefined,
                }
              }
              viewBox="0 0 24 24"
              width="1em"
              xmlns="http://www.w3.org/2000/svg">
              <g>
                <path
                  d="M0 0h24v24H0z"
                  fill="none" />
                <path
                  d="M7 4V2h10v2h5v2h-2v15a1 1 0 0 1-1 1H5a1 1 0 0 1-1-1V6H2V4h5zM6 6v14h12V6H6zm3 3h2v8H9V9zm4 0h2v8h-2V9z" />
              </g>
            </svg>
          </button>
        </td>
      </tr>
      <tr>
        <td>
          <div
            onClick={[Function]}>
            3
          </div>
        </td>
        <td>
          <img
            alt="image"
            height="100"
            src="image3.jpeg"
            weight="100" />
        </td>
        <td>
          Men Black Slim Fit Solid Casual Shirt
        </td>
        <td>
          900
        </td>
        <td>
          <button
            className="btn btn-danger"
            disabled={false}
            onClick={[Function]}
            type="button">
            <svg
              className={undefined}
              fill="currentColor"
              height="1em"
              stroke="currentColor"
              strokeWidth="0"
              style={
                Object {
                  "color": undefined,
                }
              }
              viewBox="0 0 24 24"
              width="1em"
              xmlns="http://www.w3.org/2000/svg">
              <g>
                <path
                  d="M0 0h24v24H0z"
                  fill="none" />
                <path
                  d="M7 4V2h10v2h5v2h-2v15a1 1 0 0 1-1 1H5a1 1 0 0 1-1-1V6H2V4h5zM6 6v14h12V6H6zm3 3h2v8H9V9zm4 0h2v8h-2V9z" />
              </g>
            </svg>
          </button>
        </td>
      </tr>
      <tr>
        <td>
          <div
            onClick={[Function]}>
            4
          </div>
        </td>
        <td>
          <img
            alt="image"
            height="100"
            src="image4.jpg"
            weight="100" />
        </td>
        <td>
          Men Yellow Printed Round Neck T-Shirt
        </td>
        <td>
          750
        </td>
        <td>
          <button
            className="btn btn-danger"
            disabled={false}
            onClick={[Function]}
            type="button">
            <svg
              className={undefined}
              fill="currentColor"
              height="1em"
              stroke="currentColor"
              strokeWidth="0"
              style={
                Object {
                  "color": undefined,
                }
              }
              viewBox="0 0 24 24"
              width="1em"
              xmlns="http://www.w3.org/2000/svg">
              <g>
                <path
                  d="M0 0h24v24H0z"
                  fill="none" />
                <path
                  d="M7 4V2h10v2h5v2h-2v15a1 1 0 0 1-1 1H5a1 1 0 0 1-1-1V6H2V4h5zM6 6v14h12V6H6zm3 3h2v8H9V9zm4 0h2v8h-2V9z" />
              </g>
            </svg>
          </button>
        </td>
      </tr>
      <tr>
        <td>
          <div
            onClick={[Function]}>
            5
          </div>
        </td>
        <td>
          <img
            alt="image"
            height="100"
            src="image5.jpg"
            weight="100" />
        </td>
        <td>
          Men Navy Blue Tapered Fit Mid-Rise Clean Look Stretchable Jeans
        </td>
        <td>
          1300
        </td>
        <td>
          <button
            className="btn btn-danger"
            disabled={false}
            onClick={[Function]}
            type="button">
            <svg
              className={undefined}
              fill="currentColor"
              height="1em"
              stroke="currentColor"
              strokeWidth="0"
              style={
                Object {
                  "color": undefined,
                }
              }
              viewBox="0 0 24 24"
              width="1em"
              xmlns="http://www.w3.org/2000/svg">
              <g>
                <path
                  d="M0 0h24v24H0z"
                  fill="none" />
                <path
                  d="M7 4V2h10v2h5v2h-2v15a1 1 0 0 1-1 1H5a1 1 0 0 1-1-1V6H2V4h5zM6 6v14h12V6H6zm3 3h2v8H9V9zm4 0h2v8h-2V9z" />
              </g>
            </svg>
          </button>
        </td>
      </tr>
    </tbody>
  </table>
</div>
`;
